// Vitest Snapshot v1, https://vitest.dev/guide/snapshot.html

exports[`returns schema information > userTable 1`] = `
{
  "columns": [
    {
      "checkConstraints": null,
      "dataType": "int4",
      "defaultValue": "nextval('users_id_seq'::regclass)",
      "description": null,
      "isArray": false,
      "isEnum": false,
      "isNullable": false,
      "isOptional": false,
      "isSerial": true,
      "isWritable": false,
      "maxLen": undefined,
      "name": "id",
      "schemaName": "public",
      "tableName": "users",
      "tableType": "table",
      "type": "int",
    },
    {
      "checkConstraints": null,
      "dataType": "varchar",
      "defaultValue": null,
      "description": null,
      "isArray": false,
      "isEnum": false,
      "isNullable": false,
      "isOptional": false,
      "isSerial": false,
      "isWritable": true,
      "maxLen": 100,
      "name": "name",
      "schemaName": "public",
      "tableName": "users",
      "tableType": "table",
      "type": "string",
    },
    {
      "checkConstraints": null,
      "dataType": "varchar",
      "defaultValue": null,
      "description": null,
      "isArray": false,
      "isEnum": false,
      "isNullable": true,
      "isOptional": true,
      "isSerial": false,
      "isWritable": true,
      "maxLen": 255,
      "name": "email",
      "schemaName": "public",
      "tableName": "users",
      "tableType": "table",
      "type": "string",
    },
    {
      "checkConstraints": null,
      "dataType": "varchar",
      "defaultValue": "'active'::character varying",
      "description": null,
      "isArray": false,
      "isEnum": false,
      "isNullable": true,
      "isOptional": true,
      "isSerial": false,
      "isWritable": true,
      "maxLen": 20,
      "name": "status",
      "schemaName": "public",
      "tableName": "users",
      "tableType": "table",
      "type": "string",
    },
    {
      "checkConstraints": null,
      "dataType": "jsonb",
      "defaultValue": null,
      "description": null,
      "isArray": false,
      "isEnum": false,
      "isNullable": true,
      "isOptional": true,
      "isSerial": false,
      "isWritable": true,
      "maxLen": undefined,
      "name": "profile",
      "schemaName": "public",
      "tableName": "users",
      "tableType": "table",
      "type": "json",
    },
    {
      "checkConstraints": null,
      "dataType": "timestamptz",
      "defaultValue": "now()",
      "description": null,
      "isArray": false,
      "isEnum": false,
      "isNullable": true,
      "isOptional": true,
      "isSerial": false,
      "isWritable": true,
      "maxLen": undefined,
      "name": "created_at",
      "schemaName": "public",
      "tableName": "users",
      "tableType": "table",
      "type": "date",
    },
    {
      "checkConstraints": [
        {
          "checkClause": "CHECK ((roles <@ ARRAY['admin'::text, 'editor'::text, 'viewer'::text]))",
        },
      ],
      "dataType": "_text",
      "defaultValue": null,
      "description": null,
      "enumValues": [
        "admin",
        "editor",
        "viewer",
      ],
      "isArray": true,
      "isEnum": true,
      "isNullable": true,
      "isOptional": true,
      "isSerial": false,
      "isWritable": true,
      "maxLen": undefined,
      "name": "roles",
      "schemaName": "public",
      "tableName": "users",
      "tableType": "table",
      "type": "string",
    },
    {
      "checkConstraints": null,
      "dataType": "_timestamp",
      "defaultValue": null,
      "description": null,
      "isArray": true,
      "isEnum": false,
      "isNullable": true,
      "isOptional": true,
      "isSerial": false,
      "isWritable": true,
      "maxLen": undefined,
      "name": "dates",
      "schemaName": "public",
      "tableName": "users",
      "tableType": "table",
      "type": "date",
    },
  ],
  "name": "users",
  "schemaName": "public",
  "type": "table",
}
`;
